2026-09-28 04:09:35,357 - aqt.main - INFO - installer 139934336203648 aqtinstall(aqt) v3.1.21 on Python 3.11.16 [CPython GCC 13.3.0]
2026-09-28 04:09:35,358 - aqt.helper - DEBUG - helper 139934336203648 Attempt to download checksum at https://download.qt.io/online/qtsdkrepository/linux_x64/desktop/qt6_683/qt6_683/Updates.xml.sha256
2026-09-28 04:09:36,695 - aqt.helper - DEBUG - helper 139934336203648 Attempt to download checksum at https://download.qt.io/online/qtsdkrepository/linux_x64/extensions/qtwebengine/683/x86_64/Updates.xml.sha256
2026-09-28 04:09:37,779 - aqt.archives - INFO - archives 139934336203648 Found extension qtwebengine
2026-09-28 04:09:37,780 - aqt.helper - DEBUG - helper 139934336203648 Attempt to download checksum at https://download.qt.io/online/qtsdkrepository/linux_x64/extensions/qtpdf/683/x86_64/Updates.xml.sha256
2026-09-28 04:09:50,284 - aqt.archives - INFO - archives 139934336203648 Found extension qtpdf
2026-09-28 04:09:50,690 - aqt.helper - DEBUG - helper 139996426271616 Attempt to download checksum at https://download.qt.io/online/qtsdkrepository/linux_x64/desktop/qt6_683/qt6_683/qt.qt6.683.linux_gcc_64/6.8.3-0-202503201345qtbase-Linux-RHEL_8_10-GCC-Linux-RHEL_8_10-X86_64.7z.sha256
2026-09-28 04:09:50,691 - aqt.helper - DEBUG - helper 139987192556416 Attempt to download checksum at https://download.qt.io/online/qtsdkrepository/linux_x64/desktop/qt6_683/qt6_683/qt.qt6.683.linux_gcc_64/6.8.3-0-202503201345qtsvg-Linux-RHEL_8_10-GCC-Linux-RHEL_8_10-X86_64.7z.sha256
2026-09-28 04:09:50,703 - aqt.helper - DEBUG - helper 139888324172672 Attempt to download checksum at https://download.qt.io/online/qtsdkrepository/linux_x64/desktop/qt6_683/qt6_683/qt.qt6.683.linux_gcc_64/6.8.3-0-202503201345qtdeclarative-Linux-RHEL_8_10-GCC-Linux-RHEL_8_10-X86_64.7z.sha256
2026-09-28 04:09:50,704 - aqt.helper - DEBUG - helper 139991082236800 Attempt to download checksum at https://download.qt.io/online/qtsdkrepository/linux_x64/desktop/qt6_683/qt6_683/qt.qt6.683.linux_gcc_64/6.8.3-0-202503201345qttools-Linux-RHEL_8_10-GCC-Linux-RHEL_8_10-X86_64.7z.sha256
2026-09-28 04:09:51,416 - aqt.helper - INFO - helper 139991082236800 Downloading qttools...
2026-09-28 04:09:51,416 - aqt.helper - INFO - helper 139888324172672 Downloading qtdeclarative...
2026-09-28 04:09:51,416 - aqt.installer - DEBUG - installer 139991082236800 Download URL: https://download.qt.io/online/qtsdkrepository/linux_x64/desktop/qt6_683/qt6_683/qt.qt6.683.linux_gcc_64/6.8.3-0-202503201345qttools-Linux-RHEL_8_10-GCC-Linux-RHEL_8_10-X86_64.7z
2026-09-28 04:09:51,417 - aqt.installer - DEBUG - installer 139888324172672 Download URL: https://download.qt.io/online/qtsdkrepository/linux_x64/desktop/qt6_683/qt6_683/qt.qt6.683.linux_gcc_64/6.8.3-0-202503201345qtdeclarative-Linux-RHEL_8_10-GCC-Linux-RHEL_8_10-X86_64.7z
2026-09-28 04:09:51,439 - aqt.helper - INFO - helper 139987192556416 Downloading qtsvg...
2026-09-28 04:09:51,439 - aqt.installer - DEBUG - installer 139987192556416 Download URL: https://download.qt.io/online/qtsdkrepository/linux_x64/desktop/qt6_683/qt6_683/qt.qt6.683.linux_gcc_64/6.8.3-0-202503201345qtsvg-Linux-RHEL_8_10-GCC-Linux-RHEL_8_10-X86_64.7z
2026-09-28 04:09:51,481 - aqt.helper - INFO - helper 139996426271616 Downloading qtbase...
2026-09-28 04:09:51,481 - aqt.installer - DEBUG - installer 139996426271616 Download URL: https://download.qt.io/online/qtsdkrepository/linux_x64/desktop/qt6_683/qt6_683/qt.qt6.683.linux_gcc_64/6.8.3-0-202503201345qtbase-Linux-RHEL_8_10-GCC-Linux-RHEL_8_10-X86_64.7z
2026-09-28 04:09:51,893 - aqt.helper - DEBUG - helper 139991082236800 Asked to redirect(302) to: https://qt.mirror.constant.com/online/qtsdkrepository/linux_x64/desktop/qt6_683/qt6_683/qt.qt6.683.linux_gcc_64/6.8.3-0-202503201345qttools-Linux-RHEL_8_10-GCC-Linux-RHEL_8_10-X86_64.7z
2026-09-28 04:09:51,893 - aqt.helper - INFO - helper 139991082236800 Redirected: qt.mirror.constant.com
2026-09-28 04:09:51,959 - aqt.helper - DEBUG - helper 139987192556416 Asked to redirect(302) to: https://qt.mirror.constant.com/online/qtsdkrepository/linux_x64/desktop/qt6_683/qt6_683/qt.qt6.683.linux_gcc_64/6.8.3-0-202503201345qtsvg-Linux-RHEL_8_10-GCC-Linux-RHEL_8_10-X86_64.7z
2026-09-28 04:09:51,959 - aqt.helper - INFO - helper 139987192556416 Redirected: qt.mirror.constant.com
2026-09-28 04:09:51,960 - aqt.helper - DEBUG - helper 139996426271616 Asked to redirect(302) to: https://qt.mirror.constant.com/online/qtsdkrepository/linux_x64/desktop/qt6_683/qt6_683/qt.qt6.683.linux_gcc_64/6.8.3-0-202503201345qtbase-Linux-RHEL_8_10-GCC-Linux-RHEL_8_10-X86_64.7z
2026-09-28 04:09:51,960 - aqt.helper - INFO - helper 139996426271616 Redirected: qt.mirror.constant.com
2026-09-28 04:09:51,962 - aqt.helper - DEBUG - helper 139888324172672 Asked to redirect(302) to: https://qt.mirror.constant.com/online/qtsdkrepository/linux_x64/desktop/qt6_683/qt6_683/qt.qt6.683.linux_gcc_64/6.8.3-0-202503201345qtdeclarative-Linux-RHEL_8_10-GCC-Linux-RHEL_8_10-X86_64.7z
2026-09-28 04:09:51,962 - aqt.helper - INFO - helper 139888324172672 Redirected: qt.mirror.constant.com
2026-09-28 04:09:52,387 - aqt.installer - INFO - installer 139987192556416 Finished installation of qtsvg-Linux-RHEL_8_10-GCC-Linux-RHEL_8_10-X86_64.7z in 1.69877700
2026-09-28 04:09:52,402 - aqt.helper - DEBUG - helper 139987192556416 Attempt to download checksum at https://download.qt.io/online/qtsdkrepository/linux_x64/desktop/qt6_683/qt6_683/qt.qt6.683.linux_gcc_64/6.8.3-0-202503201345qttranslations-Linux-RHEL_8_10-GCC-Linux-RHEL_8_10-X86_64.7z.sha256
2026-09-28 04:09:52,883 - aqt.helper - INFO - helper 139987192556416 Downloading qttranslations...
2026-09-28 04:09:52,883 - aqt.installer - DEBUG - installer 139987192556416 Download URL: https://download.qt.io/online/qtsdkrepository/linux_x64/desktop/qt6_683/qt6_683/qt.qt6.683.linux_gcc_64/6.8.3-0-202503201345qttranslations-Linux-RHEL_8_10-GCC-Linux-RHEL_8_10-X86_64.7z
2026-09-28 04:09:53,582 - aqt.helper - DEBUG - helper 139987192556416 Asked to redirect(302) to: https://qt.mirror.constant.com/online/qtsdkrepository/linux_x64/desktop/qt6_683/qt6_683/qt.qt6.683.linux_gcc_64/6.8.3-0-202503201345qttranslations-Linux-RHEL_8_10-GCC-Linux-RHEL_8_10-X86_64.7z
2026-09-28 04:09:53,582 - aqt.helper - INFO - helper 139987192556416 Redirected: qt.mirror.constant.com
2026-09-28 04:09:54,210 - aqt.installer - INFO - installer 139987192556416 Finished installation of qttranslations-Linux-RHEL_8_10-GCC-Linux-RHEL_8_10-X86_64.7z in 1.81031382
2026-09-28 04:09:54,228 - aqt.helper - DEBUG - helper 139987192556416 Attempt to download checksum at https://download.qt.io/online/qtsdkrepository/linux_x64/desktop/qt6_683/qt6_683/qt.qt6.683.linux_gcc_64/6.8.3-0-202503201345qtwayland-Linux-RHEL_8_10-GCC-Linux-RHEL_8_10-X86_64.7z.sha256
2026-09-28 04:09:54,752 - aqt.helper - INFO - helper 139987192556416 Downloading qtwayland...
2026-09-28 04:09:54,753 - aqt.installer - DEBUG - installer 139987192556416 Download URL: https://download.qt.io/online/qtsdkrepository/linux_x64/desktop/qt6_683/qt6_683/qt.qt6.683.linux_gcc_64/6.8.3-0-202503201345qtwayland-Linux-RHEL_8_10-GCC-Linux-RHEL_8_10-X86_64.7z
2026-09-28 04:09:55,399 - aqt.helper - DEBUG - helper 139987192556416 Asked to redirect(302) to: https://qt.mirror.constant.com/online/qtsdkrepository/linux_x64/desktop/qt6_683/qt6_683/qt.qt6.683.linux_gcc_64/6.8.3-0-202503201345qtwayland-Linux-RHEL_8_10-GCC-Linux-RHEL_8_10-X86_64.7z
2026-09-28 04:09:55,399 - aqt.helper - INFO - helper 139987192556416 Redirected: qt.mirror.constant.com
2026-09-28 04:09:55,545 - aqt.installer - INFO - installer 139991082236800 Finished installation of qttools-Linux-RHEL_8_10-GCC-Linux-RHEL_8_10-X86_64.7z in 4.84254274
2026-09-28 04:09:55,561 - aqt.helper - DEBUG - helper 139991082236800 Attempt to download checksum at https://download.qt.io/online/qtsdkrepository/linux_x64/desktop/qt6_683/qt6_683/qt.qt6.683.linux_gcc_64/6.8.3-0-202503201345icu-linux-Rhel8.6-x86_64.7z.sha256
2026-09-28 04:09:55,922 - aqt.installer - INFO - installer 139987192556416 Finished installation of qtwayland-Linux-RHEL_8_10-GCC-Linux-RHEL_8_10-X86_64.7z in 1.69519644
2026-09-28 04:09:56,069 - aqt.helper - INFO - helper 139991082236800 Downloading icu...
2026-09-28 04:09:56,070 - aqt.installer - DEBUG - installer 139991082236800 Download URL: https://download.qt.io/online/qtsdkrepository/linux_x64/desktop/qt6_683/qt6_683/qt.qt6.683.linux_gcc_64/6.8.3-0-202503201345icu-linux-Rhel8.6-x86_64.7z
2026-09-28 04:09:56,594 - aqt.helper - DEBUG - helper 139991082236800 Asked to redirect(302) to: https://qt.mirror.constant.com/online/qtsdkrepository/linux_x64/desktop/qt6_683/qt6_683/qt.qt6.683.linux_gcc_64/6.8.3-0-202503201345icu-linux-Rhel8.6-x86_64.7z
2026-09-28 04:09:56,594 - aqt.helper - INFO - helper 139991082236800 Redirected: qt.mirror.constant.com
2026-09-28 04:09:57,257 - aqt.installer - INFO - installer 139996426271616 Finished installation of qtbase-Linux-RHEL_8_10-GCC-Linux-RHEL_8_10-X86_64.7z in 6.56910774
2026-09-28 04:09:57,694 - aqt.installer - INFO - installer 139991082236800 Finished installation of icu-linux-Rhel8.6-x86_64.7z in 2.13439447
2026-09-28 04:10:05,252 - aqt.installer - INFO - installer 139888324172672 Finished installation of qtdeclarative-Linux-RHEL_8_10-GCC-Linux-RHEL_8_10-X86_64.7z in 14.55075549
2026-09-28 04:10:05,349 - aqt.updater - INFO - updater 139934336203648 Patching /home/runner/work/FreeCAD/Qt/6.8.3/gcc_64/bin/qmake
2026-09-28 04:10:05,353 - aqt.updater - INFO - updater 139934336203648 Patching /home/runner/work/FreeCAD/Qt/6.8.3/gcc_64/lib/pkgconfig/Qt6QuickControls2Imagine.pc
2026-09-28 04:10:05,353 - aqt.updater - INFO - updater 139934336203648 Patching /home/runner/work/FreeCAD/Qt/6.8.3/gcc_64/lib/pkgconfig/Qt6PrintSupport.pc
2026-09-28 04:10:05,354 - aqt.updater - INFO - updater 139934336203648 Patching /home/runner/work/FreeCAD/Qt/6.8.3/gcc_64/lib/pkgconfig/Qt6QuickDialogs2.pc
2026-09-28 04:10:05,354 - aqt.updater - INFO - updater 139934336203648 Patching /home/runner/work/FreeCAD/Qt/6.8.3/gcc_64/lib/pkgconfig/Qt6LabsAnimation.pc
2026-09-28 04:10:05,354 - aqt.updater - INFO - updater 139934336203648 Patching /home/runner/work/FreeCAD/Qt/6.8.3/gcc_64/lib/pkgconfig/Qt6QuickControls2BasicStyleImpl.pc
2026-09-28 04:10:05,354 - aqt.updater - INFO - updater 139934336203648 Patching /home/runner/work/FreeCAD/Qt/6.8.3/gcc_64/lib/pkgconfig/Qt6Svg.pc
2026-09-28 04:10:05,355 - aqt.updater - INFO - updater 139934336203648 Patching /home/runner/work/FreeCAD/Qt/6.8.3/gcc_64/lib/pkgconfig/Qt6QuickVectorImage.pc
2026-09-28 04:10:05,355 - aqt.updater - INFO - updater 139934336203648 Patching /home/runner/work/FreeCAD/Qt/6.8.3/gcc_64/lib/pkgconfig/Qt6Widgets.pc
2026-09-28 04:10:05,355 - aqt.updater - INFO - updater 139934336203648 Patching /home/runner/work/FreeCAD/Qt/6.8.3/gcc_64/lib/pkgconfig/Qt6QmlCore.pc
2026-09-28 04:10:05,356 - aqt.updater - INFO - updater 139934336203648 Patching /home/runner/work/FreeCAD/Qt/6.8.3/gcc_64/lib/pkgconfig/Qt6SvgWidgets.pc
2026-09-28 04:10:05,356 - aqt.updater - INFO - updater 139934336203648 Patching /home/runner/work/FreeCAD/Qt/6.8.3/gcc_64/lib/pkgconfig/Qt6Designer.pc
2026-09-28 04:10:05,356 - aqt.updater - INFO - updater 139934336203648 Patching /home/runner/work/FreeCAD/Qt/6.8.3/gcc_64/lib/pkgconfig/Qt6UiTools.pc
2026-09-28 04:10:05,356 - aqt.updater - INFO - updater 139934336203648 Patching /home/runner/work/FreeCAD/Qt/6.8.3/gcc_64/lib/pkgconfig/Qt6UiPlugin.pc
2026-09-28 04:10:05,357 - aqt.updater - INFO - updater 139934336203648 Patching /home/runner/work/FreeCAD/Qt/6.8.3/gcc_64/lib/pkgconfig/Qt6QmlCompiler.pc
2026-09-28 04:10:05,357 - aqt.updater - INFO - updater 139934336203648 Patching /home/runner/work/FreeCAD/Qt/6.8.3/gcc_64/lib/pkgconfig/Qt6LabsFolderListModel.pc
2026-09-28 04:10:05,357 - aqt.updater - INFO - updater 139934336203648 Patching /home/runner/work/FreeCAD/Qt/6.8.3/gcc_64/lib/pkgconfig/Qt6Linguist.pc
2026-09-28 04:10:05,357 - aqt.updater - INFO - updater 139934336203648 Patching /home/runner/work/FreeCAD/Qt/6.8.3/gcc_64/lib/pkgconfig/Qt6QuickControls2Universal.pc
2026-09-28 04:10:05,358 - aqt.updater - INFO - updater 139934336203648 Patching /home/runner/work/FreeCAD/Qt/6.8.3/gcc_64/lib/pkgconfig/Qt6Sql.pc
2026-09-28 04:10:05,358 - aqt.updater - INFO - updater 139934336203648 Patching /home/runner/work/FreeCAD/Qt/6.8.3/gcc_64/lib/pkgconfig/Qt6OpenGLWidgets.pc
2026-09-28 04:10:05,358 - aqt.updater - INFO - updater 139934336203648 Patching /home/runner/work/FreeCAD/Qt/6.8.3/gcc_64/lib/pkgconfig/Qt6QuickControls2Basic.pc
2026-09-28 04:10:05,358 - aqt.updater - INFO - updater 139934336203648 Patching /home/runner/work/FreeCAD/Qt/6.8.3/gcc_64/lib/pkgconfig/Qt6LabsPlatform.pc
2026-09-28 04:10:05,359 - aqt.updater - INFO - updater 139934336203648 Patching /home/runner/work/FreeCAD/Qt/6.8.3/gcc_64/lib/pkgconfig/Qt6QmlIntegration.pc
2026-09-28 04:10:05,359 - aqt.updater - INFO - updater 139934336203648 Patching /home/runner/work/FreeCAD/Qt/6.8.3/gcc_64/lib/pkgconfig/Qt6QuickControls2FusionStyleImpl.pc
2026-09-28 04:10:05,359 - aqt.updater - INFO - updater 139934336203648 Patching /home/runner/work/FreeCAD/Qt/6.8.3/gcc_64/lib/pkgconfig/Qt6QmlWorkerScript.pc
2026-09-28 04:10:05,359 - aqt.updater - INFO - updater 139934336203648 Patching /home/runner/work/FreeCAD/Qt/6.8.3/gcc_64/lib/pkgconfig/Qt6Platform.pc
2026-09-28 04:10:05,360 - aqt.updater - INFO - updater 139934336203648 Patching /home/runner/work/FreeCAD/Qt/6.8.3/gcc_64/lib/pkgconfig/Qt6QmlAssetDownloader.pc
2026-09-28 04:10:05,360 - aqt.updater - INFO - updater 139934336203648 Patching /home/runner/work/FreeCAD/Qt/6.8.3/gcc_64/lib/pkgconfig/Qt6Test.pc
2026-09-28 04:10:05,360 - aqt.updater - INFO - updater 139934336203648 Patching /home/runner/work/FreeCAD/Qt/6.8.3/gcc_64/lib/pkgconfig/Qt6QmlNetwork.pc
2026-09-28 04:10:05,360 - aqt.updater - INFO - updater 139934336203648 Patching /home/runner/work/FreeCAD/Qt/6.8.3/gcc_64/lib/pkgconfig/Qt6QmlModels.pc
2026-09-28 04:10:05,360 - aqt.updater - INFO - updater 139934336203648 Patching /home/runner/work/FreeCAD/Qt/6.8.3/gcc_64/lib/pkgconfig/Qt6LabsQmlModels.pc
2026-09-28 04:10:05,361 - aqt.updater - INFO - updater 139934336203648 Patching /home/runner/work/FreeCAD/Qt/6.8.3/gcc_64/lib/pkgconfig/Qt6QuickDialogs2Utils.pc
2026-09-28 04:10:05,361 - aqt.updater - INFO - updater 139934336203648 Patching /home/runner/work/FreeCAD/Qt/6.8.3/gcc_64/lib/pkgconfig/Qt6Network.pc
2026-09-28 04:10:05,361 - aqt.updater - INFO - updater 139934336203648 Patching /home/runner/work/FreeCAD/Qt/6.8.3/gcc_64/lib/pkgconfig/Qt6QuickControls2Material.pc
2026-09-28 04:10:05,361 - aqt.updater - INFO - updater 139934336203648 Patching /home/runner/work/FreeCAD/Qt/6.8.3/gcc_64/lib/pkgconfig/Qt6WaylandClient.pc
2026-09-28 04:10:05,362 - aqt.updater - INFO - updater 139934336203648 Patching /home/runner/work/FreeCAD/Qt/6.8.3/gcc_64/lib/pkgconfig/Qt6LabsSharedImage.pc
2026-09-28 04:10:05,362 - aqt.updater - INFO - updater 139934336203648 Patching /home/runner/work/FreeCAD/Qt/6.8.3/gcc_64/lib/pkgconfig/Qt6QuickControls2ImagineStyleImpl.pc
2026-09-28 04:10:05,362 - aqt.updater - INFO - updater 139934336203648 Patching /home/runner/work/FreeCAD/Qt/6.8.3/gcc_64/lib/pkgconfig/Qt6QuickControls2Impl.pc
2026-09-28 04:10:05,362 - aqt.updater - INFO - updater 139934336203648 Patching /home/runner/work/FreeCAD/Qt/6.8.3/gcc_64/lib/pkgconfig/Qt6QuickDialogs2QuickImpl.pc
2026-09-28 04:10:05,362 - aqt.updater - INFO - updater 139934336203648 Patching /home/runner/work/FreeCAD/Qt/6.8.3/gcc_64/lib/pkgconfig/Qt6Help.pc
2026-09-28 04:10:05,363 - aqt.updater - INFO - updater 139934336203648 Patching /home/runner/work/FreeCAD/Qt/6.8.3/gcc_64/lib/pkgconfig/Qt6LabsWavefrontMesh.pc
2026-09-28 04:10:05,363 - aqt.updater - INFO - updater 139934336203648 Patching /home/runner/work/FreeCAD/Qt/6.8.3/gcc_64/lib/pkgconfig/Qt6LabsSettings.pc
2026-09-28 04:10:05,363 - aqt.updater - INFO - updater 139934336203648 Patching /home/runner/work/FreeCAD/Qt/6.8.3/gcc_64/lib/pkgconfig/Qt6Qml.pc
2026-09-28 04:10:05,363 - aqt.updater - INFO - updater 139934336203648 Patching /home/runner/work/FreeCAD/Qt/6.8.3/gcc_64/lib/pkgconfig/Qt6QuickTemplates2.pc
2026-09-28 04:10:05,363 - aqt.updater - INFO - updater 139934336203648 Patching /home/runner/work/FreeCAD/Qt/6.8.3/gcc_64/lib/pkgconfig/Qt6Quick.pc
2026-09-28 04:10:05,363 - aqt.updater - INFO - updater 139934336203648 Patching /home/runner/work/FreeCAD/Qt/6.8.3/gcc_64/lib/pkgconfig/Qt6QmlLocalStorage.pc
2026-09-28 04:10:05,364 - aqt.updater - INFO - updater 139934336203648 Patching /home/runner/work/FreeCAD/Qt/6.8.3/gcc_64/lib/pkgconfig/Qt6Core.pc
2026-09-28 04:10:05,364 - aqt.updater - INFO - updater 139934336203648 Patching /home/runner/work/FreeCAD/Qt/6.8.3/gcc_64/lib/pkgconfig/Qt6QuickControls2MaterialStyleImpl.pc
2026-09-28 04:10:05,364 - aqt.updater - INFO - updater 139934336203648 Patching /home/runner/work/FreeCAD/Qt/6.8.3/gcc_64/lib/pkgconfig/Qt6QuickLayouts.pc
2026-09-28 04:10:05,364 - aqt.updater - INFO - updater 139934336203648 Patching /home/runner/work/FreeCAD/Qt/6.8.3/gcc_64/lib/pkgconfig/Qt6Gui.pc
2026-09-28 04:10:05,365 - aqt.updater - INFO - updater 139934336203648 Patching /home/runner/work/FreeCAD/Qt/6.8.3/gcc_64/lib/pkgconfig/Qt6QuickControls2FluentWinUI3StyleImpl.pc
2026-09-28 04:10:05,365 - aqt.updater - INFO - updater 139934336203648 Patching /home/runner/work/FreeCAD/Qt/6.8.3/gcc_64/lib/pkgconfig/Qt6DBus.pc
2026-09-28 04:10:05,365 - aqt.updater - INFO - updater 139934336203648 Patching /home/runner/work/FreeCAD/Qt/6.8.3/gcc_64/lib/pkgconfig/Qt6QuickTest.pc
2026-09-28 04:10:05,365 - aqt.updater - INFO - updater 139934336203648 Patching /home/runner/work/FreeCAD/Qt/6.8.3/gcc_64/lib/pkgconfig/Qt6QuickControls2.pc
2026-09-28 04:10:05,366 - aqt.updater - INFO - updater 139934336203648 Patching /home/runner/work/FreeCAD/Qt/6.8.3/gcc_64/lib/pkgconfig/Qt6OpenGL.pc
2026-09-28 04:10:05,366 - aqt.updater - INFO - updater 139934336203648 Patching /home/runner/work/FreeCAD/Qt/6.8.3/gcc_64/lib/pkgconfig/Qt6QuickControls2Fusion.pc
2026-09-28 04:10:05,366 - aqt.updater - INFO - updater 139934336203648 Patching /home/runner/work/FreeCAD/Qt/6.8.3/gcc_64/lib/pkgconfig/Qt6QuickControls2UniversalStyleImpl.pc
2026-09-28 04:10:05,366 - aqt.updater - INFO - updater 139934336203648 Patching /home/runner/work/FreeCAD/Qt/6.8.3/gcc_64/lib/pkgconfig/Qt6QmlXmlListModel.pc
2026-09-28 04:10:05,366 - aqt.updater - INFO - updater 139934336203648 Patching /home/runner/work/FreeCAD/Qt/6.8.3/gcc_64/lib/pkgconfig/Qt6Concurrent.pc
2026-09-28 04:10:05,367 - aqt.updater - INFO - updater 139934336203648 Patching /home/runner/work/FreeCAD/Qt/6.8.3/gcc_64/lib/pkgconfig/Qt6QuickWidgets.pc
2026-09-28 04:10:05,367 - aqt.updater - INFO - updater 139934336203648 Patching /home/runner/work/FreeCAD/Qt/6.8.3/gcc_64/lib/pkgconfig/Qt6QmlMeta.pc
2026-09-28 04:10:05,367 - aqt.updater - INFO - updater 139934336203648 Patching /home/runner/work/FreeCAD/Qt/6.8.3/gcc_64/lib/pkgconfig/Qt6Xml.pc
2026-09-28 04:10:05,368 - aqt.updater - INFO - updater 139934336203648 Patching /home/runner/work/FreeCAD/Qt/6.8.3/gcc_64/lib/libQt6KmsSupport.prl
2026-09-28 04:10:05,368 - aqt.updater - INFO - updater 139934336203648 Patching /home/runner/work/FreeCAD/Qt/6.8.3/gcc_64/lib/libQt6Sql.prl
2026-09-28 04:10:05,369 - aqt.updater - INFO - updater 139934336203648 Patching /home/runner/work/FreeCAD/Qt/6.8.3/gcc_64/lib/libQt6WaylandClient.prl
2026-09-28 04:10:05,369 - aqt.updater - INFO - updater 139934336203648 Patching /home/runner/work/FreeCAD/Qt/6.8.3/gcc_64/lib/libQt6LabsQmlModels.prl
2026-09-28 04:10:05,369 - aqt.updater - INFO - updater 139934336203648 Patching /home/runner/work/FreeCAD/Qt/6.8.3/gcc_64/lib/libQt6WaylandEglClientHwIntegration.prl
2026-09-28 04:10:05,370 - aqt.updater - INFO - updater 139934336203648 Patching /home/runner/work/FreeCAD/Qt/6.8.3/gcc_64/lib/libQt6Xml.prl
2026-09-28 04:10:05,370 - aqt.updater - INFO - updater 139934336203648 Patching /home/runner/work/FreeCAD/Qt/6.8.3/gcc_64/lib/libQt6QuickControls2FluentWinUI3StyleImpl.prl
2026-09-28 04:10:05,370 - aqt.updater - INFO - updater 139934336203648 Patching /home/runner/work/FreeCAD/Qt/6.8.3/gcc_64/lib/libQt6QmlXmlListModel.prl
2026-09-28 04:10:05,370 - aqt.updater - INFO - updater 139934336203648 Patching /home/runner/work/FreeCAD/Qt/6.8.3/gcc_64/lib/libQt6ExampleIcons.prl
2026-09-28 04:10:05,371 - aqt.updater - INFO - updater 139934336203648 Patching /home/runner/work/FreeCAD/Qt/6.8.3/gcc_64/lib/libQt6QuickDialogs2QuickImpl.prl
2026-09-28 04:10:05,371 - aqt.updater - INFO - updater 139934336203648 Patching /home/runner/work/FreeCAD/Qt/6.8.3/gcc_64/lib/libQt6QuickControls2Universal.prl
2026-09-28 04:10:05,371 - aqt.updater - INFO - updater 139934336203648 Patching /home/runner/work/FreeCAD/Qt/6.8.3/gcc_64/lib/libQt6QuickControls2FusionStyleImpl.prl
2026-09-28 04:10:05,371 - aqt.updater - INFO - updater 139934336203648 Patching /home/runner/work/FreeCAD/Qt/6.8.3/gcc_64/lib/libQt6QuickTestUtils.prl
2026-09-28 04:10:05,371 - aqt.updater - INFO - updater 139934336203648 Patching /home/runner/work/FreeCAD/Qt/6.8.3/gcc_64/lib/libQt6QuickEffects.prl
2026-09-28 04:10:05,372 - aqt.updater - INFO - updater 139934336203648 Patching /home/runner/work/FreeCAD/Qt/6.8.3/gcc_64/lib/libQt6QuickControls2Basic.prl
2026-09-28 04:10:05,372 - aqt.updater - INFO - updater 139934336203648 Patching /home/runner/work/FreeCAD/Qt/6.8.3/gcc_64/lib/libQt6QuickVectorImage.prl
2026-09-28 04:10:05,372 - aqt.updater - INFO - updater 139934336203648 Patching /home/runner/work/FreeCAD/Qt/6.8.3/gcc_64/lib/libQt6QuickLayouts.prl
2026-09-28 04:10:05,372 - aqt.updater - INFO - updater 139934336203648 Patching /home/runner/work/FreeCAD/Qt/6.8.3/gcc_64/lib/libQt6QuickControls2Fusion.prl
2026-09-28 04:10:05,372 - aqt.updater - INFO - updater 139934336203648 Patching /home/runner/work/FreeCAD/Qt/6.8.3/gcc_64/lib/libQt6QmlWorkerScript.prl
2026-09-28 04:10:05,373 - aqt.updater - INFO - updater 139934336203648 Patching /home/runner/work/FreeCAD/Qt/6.8.3/gcc_64/lib/libQt6QuickControls2ImagineStyleImpl.prl
2026-09-28 04:10:05,373 - aqt.updater - INFO - updater 139934336203648 Patching /home/runner/work/FreeCAD/Qt/6.8.3/gcc_64/lib/libQt6PrintSupport.prl
2026-09-28 04:10:05,373 - aqt.updater - INFO - updater 139934336203648 Patching /home/runner/work/FreeCAD/Qt/6.8.3/gcc_64/lib/libQt6QuickDialogs2.prl
2026-09-28 04:10:05,373 - aqt.updater - INFO - updater 139934336203648 Patching /home/runner/work/FreeCAD/Qt/6.8.3/gcc_64/lib/libQt6QmlNetwork.prl
2026-09-28 04:10:05,374 - aqt.updater - INFO - updater 139934336203648 Patching /home/runner/work/FreeCAD/Qt/6.8.3/gcc_64/lib/libQt6QuickTemplates2.prl
2026-09-28 04:10:05,374 - aqt.updater - INFO - updater 139934336203648 Patching /home/runner/work/FreeCAD/Qt/6.8.3/gcc_64/lib/libQt6SvgWidgets.prl
2026-09-28 04:10:05,374 - aqt.updater - INFO - updater 139934336203648 Patching /home/runner/work/FreeCAD/Qt/6.8.3/gcc_64/lib/libQt6LabsAnimation.prl
2026-09-28 04:10:05,374 - aqt.updater - INFO - updater 139934336203648 Patching /home/runner/work/FreeCAD/Qt/6.8.3/gcc_64/lib/libQt6Help.prl
2026-09-28 04:10:05,375 - aqt.updater - INFO - updater 139934336203648 Patching /home/runner/work/FreeCAD/Qt/6.8.3/gcc_64/lib/libQt6Gui.prl
2026-09-28 04:10:05,375 - aqt.updater - INFO - updater 139934336203648 Patching /home/runner/work/FreeCAD/Qt/6.8.3/gcc_64/lib/libQt6QuickWidgets.prl
2026-09-28 04:10:05,375 - aqt.updater - INFO - updater 139934336203648 Patching /home/runner/work/FreeCAD/Qt/6.8.3/gcc_64/lib/libQt6OpenGL.prl
2026-09-28 04:10:05,375 - aqt.updater - INFO - updater 139934336203648 Patching /home/runner/work/FreeCAD/Qt/6.8.3/gcc_64/lib/libQt6EglFsKmsSupport.prl
2026-09-28 04:10:05,376 - aqt.updater - INFO - updater 139934336203648 Patching /home/runner/work/FreeCAD/Qt/6.8.3/gcc_64/lib/libQt6QuickTest.prl
2026-09-28 04:10:05,376 - aqt.updater - INFO - updater 139934336203648 Patching /home/runner/work/FreeCAD/Qt/6.8.3/gcc_64/lib/libQt6DesignerComponents.prl
2026-09-28 04:10:05,376 - aqt.updater - INFO - updater 139934336203648 Patching /home/runner/work/FreeCAD/Qt/6.8.3/gcc_64/lib/libQt6QuickControls2MaterialStyleImpl.prl
2026-09-28 04:10:05,376 - aqt.updater - INFO - updater 139934336203648 Patching /home/runner/work/FreeCAD/Qt/6.8.3/gcc_64/lib/libQt6QmlLocalStorage.prl
2026-09-28 04:10:05,377 - aqt.updater - INFO - updater 139934336203648 Patching /home/runner/work/FreeCAD/Qt/6.8.3/gcc_64/lib/libQt6UiTools.prl
2026-09-28 04:10:05,377 - aqt.updater - INFO - updater 139934336203648 Patching /home/runner/work/FreeCAD/Qt/6.8.3/gcc_64/lib/libQt6QuickControls2UniversalStyleImpl.prl
2026-09-28 04:10:05,377 - aqt.updater - INFO - updater 139934336203648 Patching /home/runner/work/FreeCAD/Qt/6.8.3/gcc_64/lib/libQt6EglFSDeviceIntegration.prl
2026-09-28 04:10:05,377 - aqt.updater - INFO - updater 139934336203648 Patching /home/runner/work/FreeCAD/Qt/6.8.3/gcc_64/lib/libQt6PacketProtocol.prl
2026-09-28 04:10:05,378 - aqt.updater - INFO - updater 139934336203648 Patching /home/runner/work/FreeCAD/Qt/6.8.3/gcc_64/lib/libQt6ExamplesAssetDownloader.prl
2026-09-28 04:10:05,378 - aqt.updater - INFO - updater 139934336203648 Patching /home/runner/work/FreeCAD/Qt/6.8.3/gcc_64/lib/libQt6Test.prl
2026-09-28 04:10:05,378 - aqt.updater - INFO - updater 139934336203648 Patching /home/runner/work/FreeCAD/Qt/6.8.3/gcc_64/lib/libQt6QmlDebug.prl
2026-09-28 04:10:05,378 - aqt.updater - INFO - updater 139934336203648 Patching /home/runner/work/FreeCAD/Qt/6.8.3/gcc_64/lib/libQt6QmlCompiler.prl
2026-09-28 04:10:05,379 - aqt.updater - INFO - updater 139934336203648 Patching /home/runner/work/FreeCAD/Qt/6.8.3/gcc_64/lib/libQt6Widgets.prl
2026-09-28 04:10:05,379 - aqt.updater - INFO - updater 139934336203648 Patching /home/runner/work/FreeCAD/Qt/6.8.3/gcc_64/lib/libQt6QuickShapes.prl
2026-09-28 04:10:05,379 - aqt.updater - INFO - updater 139934336203648 Patching /home/runner/work/FreeCAD/Qt/6.8.3/gcc_64/lib/libQt6QuickParticles.prl
2026-09-28 04:10:05,380 - aqt.updater - INFO - updater 139934336203648 Patching /home/runner/work/FreeCAD/Qt/6.8.3/gcc_64/lib/libQt6Network.prl
2026-09-28 04:10:05,380 - aqt.updater - INFO - updater 139934336203648 Patching /home/runner/work/FreeCAD/Qt/6.8.3/gcc_64/lib/libQt6QuickControls2Imagine.prl
2026-09-28 04:10:05,380 - aqt.updater - INFO - updater 139934336203648 Patching /home/runner/work/FreeCAD/Qt/6.8.3/gcc_64/lib/libQt6XcbQpa.prl
2026-09-28 04:10:05,380 - aqt.updater - INFO - updater 139934336203648 Patching /home/runner/work/FreeCAD/Qt/6.8.3/gcc_64/lib/libQt6QmlLS.prl
2026-09-28 04:10:05,380 - aqt.updater - INFO - updater 139934336203648 Patching /home/runner/work/FreeCAD/Qt/6.8.3/gcc_64/lib/libQt6Concurrent.prl
2026-09-28 04:10:05,381 - aqt.updater - INFO - updater 139934336203648 Patching /home/runner/work/FreeCAD/Qt/6.8.3/gcc_64/lib/libQt6QmlDom.prl
2026-09-28 04:10:05,381 - aqt.updater - INFO - updater 139934336203648 Patching /home/runner/work/FreeCAD/Qt/6.8.3/gcc_64/lib/libQt6QmlCore.prl
2026-09-28 04:10:05,381 - aqt.updater - INFO - updater 139934336203648 Patching /home/runner/work/FreeCAD/Qt/6.8.3/gcc_64/lib/libQt6Svg.prl
2026-09-28 04:10:05,382 - aqt.updater - INFO - updater 139934336203648 Patching /home/runner/work/FreeCAD/Qt/6.8.3/gcc_64/lib/libQt6LabsPlatform.prl
2026-09-28 04:10:05,382 - aqt.updater - INFO - updater 139934336203648 Patching /home/runner/work/FreeCAD/Qt/6.8.3/gcc_64/lib/libQt6EglFsKmsGbmSupport.prl
2026-09-28 04:10:05,382 - aqt.updater - INFO - updater 139934336203648 Patching /home/runner/work/FreeCAD/Qt/6.8.3/gcc_64/lib/libQt6QmlTypeRegistrar.prl
2026-09-28 04:10:05,382 - aqt.updater - INFO - updater 139934336203648 Patching /home/runner/work/FreeCAD/Qt/6.8.3/gcc_64/lib/libQt6InputSupport.prl
2026-09-28 04:10:05,383 - aqt.updater - INFO - updater 139934336203648 Patching /home/runner/work/FreeCAD/Qt/6.8.3/gcc_64/lib/libQt6DeviceDiscoverySupport.prl
2026-09-28 04:10:05,383 - aqt.updater - INFO - updater 139934336203648 Patching /home/runner/work/FreeCAD/Qt/6.8.3/gcc_64/lib/libQt6LabsSettings.prl
2026-09-28 04:10:05,383 - aqt.updater - INFO - updater 139934336203648 Patching /home/runner/work/FreeCAD/Qt/6.8.3/gcc_64/lib/libQt6QuickControlsTestUtils.prl
2026-09-28 04:10:05,383 - aqt.updater - INFO - updater 139934336203648 Patching /home/runner/work/FreeCAD/Qt/6.8.3/gcc_64/lib/libQt6QuickControls2BasicStyleImpl.prl
2026-09-28 04:10:05,384 - aqt.updater - INFO - updater 139934336203648 Patching /home/runner/work/FreeCAD/Qt/6.8.3/gcc_64/lib/libQt6DBus.prl
2026-09-28 04:10:05,384 - aqt.updater - INFO - updater 139934336203648 Patching /home/runner/work/FreeCAD/Qt/6.8.3/gcc_64/lib/libQt6Designer.prl
2026-09-28 04:10:05,384 - aqt.updater - INFO - updater 139934336203648 Patching /home/runner/work/FreeCAD/Qt/6.8.3/gcc_64/lib/libQt6Qml.prl
2026-09-28 04:10:05,384 - aqt.updater - INFO - updater 139934336203648 Patching /home/runner/work/FreeCAD/Qt/6.8.3/gcc_64/lib/libQt6LabsFolderListModel.prl
2026-09-28 04:10:05,385 - aqt.updater - INFO - updater 139934336203648 Patching /home/runner/work/FreeCAD/Qt/6.8.3/gcc_64/lib/libQt6OpenGLWidgets.prl
2026-09-28 04:10:05,385 - aqt.updater - INFO - updater 139934336203648 Patching /home/runner/work/FreeCAD/Qt/6.8.3/gcc_64/lib/libQt6QmlToolingSettings.prl
2026-09-28 04:10:05,385 - aqt.updater - INFO - updater 139934336203648 Patching /home/runner/work/FreeCAD/Qt/6.8.3/gcc_64/lib/libQt6QuickDialogs2Utils.prl
2026-09-28 04:10:05,385 - aqt.updater - INFO - updater 139934336203648 Patching /home/runner/work/FreeCAD/Qt/6.8.3/gcc_64/lib/libQt6QuickControls2.prl
2026-09-28 04:10:05,386 - aqt.updater - INFO - updater 139934336203648 Patching /home/runner/work/FreeCAD/Qt/6.8.3/gcc_64/lib/libQt6QuickControls2Material.prl
2026-09-28 04:10:05,386 - aqt.updater - INFO - updater 139934336203648 Patching /home/runner/work/FreeCAD/Qt/6.8.3/gcc_64/lib/libQt6LabsWavefrontMesh.prl
2026-09-28 04:10:05,386 - aqt.updater - INFO - updater 139934336203648 Patching /home/runner/work/FreeCAD/Qt/6.8.3/gcc_64/lib/libQt6FbSupport.prl
2026-09-28 04:10:05,386 - aqt.updater - INFO - updater 139934336203648 Patching /home/runner/work/FreeCAD/Qt/6.8.3/gcc_64/lib/libQt6QmlAssetDownloader.prl
2026-09-28 04:10:05,387 - aqt.updater - INFO - updater 139934336203648 Patching /home/runner/work/FreeCAD/Qt/6.8.3/gcc_64/lib/libQt6LabsSharedImage.prl
2026-09-28 04:10:05,387 - aqt.updater - INFO - updater 139934336203648 Patching /home/runner/work/FreeCAD/Qt/6.8.3/gcc_64/lib/libQt6WlShellIntegration.prl
2026-09-28 04:10:05,387 - aqt.updater - INFO - updater 139934336203648 Patching /home/runner/work/FreeCAD/Qt/6.8.3/gcc_64/lib/libQt6Quick.prl
2026-09-28 04:10:05,387 - aqt.updater - INFO - updater 139934336203648 Patching /home/runner/work/FreeCAD/Qt/6.8.3/gcc_64/lib/libQt6QuickControls2Impl.prl
2026-09-28 04:10:05,388 - aqt.updater - INFO - updater 139934336203648 Patching /home/runner/work/FreeCAD/Qt/6.8.3/gcc_64/lib/libQt6Core.prl
2026-09-28 04:10:05,388 - aqt.updater - INFO - updater 139934336203648 Patching /home/runner/work/FreeCAD/Qt/6.8.3/gcc_64/lib/libQt6QmlModels.prl
2026-09-28 04:10:05,388 - aqt.updater - INFO - updater 139934336203648 Patching /home/runner/work/FreeCAD/Qt/6.8.3/gcc_64/lib/libQt6QuickVectorImageGenerator.prl
2026-09-28 04:10:05,388 - aqt.updater - INFO - updater 139934336203648 Patching /home/runner/work/FreeCAD/Qt/6.8.3/gcc_64/lib/libQt6QmlMeta.prl
2026-09-28 04:10:05,389 - aqt.main - INFO - installer 139934336203648 Finished installation
2026-09-28 04:10:05,389 - aqt.main - INFO - installer 139934336203648 Time elapsed: 30.03170136 second
